******************************************************************************
                  MSP430 Linker Unix v16.9.0                   
******************************************************************************
>> Linked Wed Jan 18 00:55:28 2017

OUTPUT FILE NAME:   <SevenSegmentDisplayClock.out>
ENTRY POINT SYMBOL: "_c_int00_noargs_noexit"  address: 0000fb14


MEMORY CONFIGURATION

         name            origin    length      used     unused   attr    fill
----------------------  --------  ---------  --------  --------  ----  --------
  SFR                   00000000   00000010  00000000  00000010  RWIX
  PERIPHERALS_8BIT      00000010   000000f0  00000000  000000f0  RWIX
  PERIPHERALS_16BIT     00000100   00000100  00000000  00000100  RWIX
  RAM                   00000200   00000080  0000004b  00000035  RWIX
  INFOD                 00001000   00000040  00000000  00000040  RWIX
  INFOC                 00001040   00000040  00000000  00000040  RWIX
  INFOB                 00001080   00000040  00000000  00000040  RWIX
  INFOA                 000010c0   00000040  00000000  00000040  RWIX
  FLASH                 0000f800   000007e0  00000407  000003d9  RWIX
  INT00                 0000ffe0   00000002  00000000  00000002  RWIX
  INT01                 0000ffe2   00000002  00000000  00000002  RWIX
  INT02                 0000ffe4   00000002  00000002  00000000  RWIX
  INT03                 0000ffe6   00000002  00000002  00000000  RWIX
  INT04                 0000ffe8   00000002  00000002  00000000  RWIX
  INT05                 0000ffea   00000002  00000002  00000000  RWIX
  INT06                 0000ffec   00000002  00000000  00000002  RWIX
  INT07                 0000ffee   00000002  00000000  00000002  RWIX
  INT08                 0000fff0   00000002  00000002  00000000  RWIX
  INT09                 0000fff2   00000002  00000002  00000000  RWIX
  INT10                 0000fff4   00000002  00000002  00000000  RWIX
  INT11                 0000fff6   00000002  00000000  00000002  RWIX
  INT12                 0000fff8   00000002  00000000  00000002  RWIX
  INT13                 0000fffa   00000002  00000000  00000002  RWIX
  INT14                 0000fffc   00000002  00000002  00000000  RWIX
  RESET                 0000fffe   00000002  00000002  00000000  RWIX


SECTION ALLOCATION MAP

 output                                  attributes/
section   page    origin      length       input sections
--------  ----  ----------  ----------   ----------------
.bss       0    00000200    00000014     UNINITIALIZED
                  00000200    00000014     (.common:digits)

.data      0    00000214    00000005     UNINITIALIZED
                  00000214    00000005     main.obj (.data)

.stack     0    0000024c    00000032     UNINITIALIZED
                  0000024c    00000002     rts430_eabi.lib : boot.obj (.stack)
                  0000024e    00000030     --HOLE--

.text      0    0000f800    0000039e     
                  0000f800    000000de     main.obj (.text:Timer_A)
                  0000f8de    0000007c     rts430_eabi.lib : copy_decompress_lzss.obj (.text:decompress:lzss:__TI_decompress_lzss)
                  0000f95a    0000007a     main.obj (.text:main)
                  0000f9d4    0000006e     rts430_eabi.lib : autoinit.obj (.text:_auto_init)
                  0000fa42    0000005a                     : cpy_tbl.obj (.text:copy_in)
                  0000fa9c    0000004c                     : lsr16.obj (.text)
                  0000fae8    0000002c                     : lsl16.obj (.text)
                  0000fb14    0000001a                     : boot_special.obj (.text:_c_int00_noargs_noexit)
                  0000fb2e    00000014                     : copy_zero_init.obj (.text:decompress:ZI:__TI_zero_init)
                  0000fb42    00000014                     : mult16.obj (.text)
                  0000fb56    00000012                     : copy_decompress_none.obj (.text:decompress:none:__TI_decompress_none)
                  0000fb68    00000012                     : memcpy.obj (.text:memcpy)
                  0000fb7a    00000010                     : epilog.obj (.text)
                  0000fb8a    00000008                     : isr_trap.obj (.text:_isr:__TI_ISR_TRAP)
                  0000fb92    00000006                     : exit.obj (.text:abort)
                  0000fb98    00000004                     : pre_init.obj (.text:_system_pre_init)
                  0000fb9c    00000002                     : startup.obj (.text:_system_post_cinit)

.const     0    0000fb9e    0000004f     
                  0000fb9e    00000007     main.obj (.const:.string:digit0)
                  0000fba5    00000001     --HOLE-- [fill = 0]
                  0000fba6    00000007     main.obj (.const:.string:digit1)
                  0000fbad    00000001     --HOLE-- [fill = 0]
                  0000fbae    00000007     main.obj (.const:.string:digit2)
                  0000fbb5    00000001     --HOLE-- [fill = 0]
                  0000fbb6    00000007     main.obj (.const:.string:digit3)
                  0000fbbd    00000001     --HOLE-- [fill = 0]
                  0000fbbe    00000007     main.obj (.const:.string:digit4)
                  0000fbc5    00000001     --HOLE-- [fill = 0]
                  0000fbc6    00000007     main.obj (.const:.string:digit5)
                  0000fbcd    00000001     --HOLE-- [fill = 0]
                  0000fbce    00000007     main.obj (.const:.string:digit6)
                  0000fbd5    00000001     --HOLE-- [fill = 0]
                  0000fbd6    00000007     main.obj (.const:.string:digit7)
                  0000fbdd    00000001     --HOLE-- [fill = 0]
                  0000fbde    00000007     main.obj (.const:.string:digit8)
                  0000fbe5    00000001     --HOLE-- [fill = 0]
                  0000fbe6    00000007     main.obj (.const:.string:digit9)

.cinit     0    0000fbee    0000001a     
                  0000fbee    00000007     (.cinit..data.load) [load image, compression = lzss]
                  0000fbf5    00000001     --HOLE-- [fill = 0]
                  0000fbf6    00000006     (__TI_handler_table)
                  0000fbfc    00000004     (.cinit..bss.load) [load image, compression = zero_init]
                  0000fc00    00000008     (__TI_cinit_table)

.binit     0    0000f800    00000000     

.init_array 
*          0    0000f800    00000000     UNINITIALIZED

PORT1      0    0000ffe4    00000002     
                  0000ffe4    00000002     rts430_eabi.lib : int02.obj (.int02)

PORT2      0    0000ffe6    00000002     
                  0000ffe6    00000002     rts430_eabi.lib : int03.obj (.int03)

USI        0    0000ffe8    00000002     
                  0000ffe8    00000002     rts430_eabi.lib : int04.obj (.int04)

ADC10      0    0000ffea    00000002     
                  0000ffea    00000002     rts430_eabi.lib : int05.obj (.int05)

TIMERA1    0    0000fff0    00000002     
                  0000fff0    00000002     rts430_eabi.lib : int08.obj (.int08)

TIMERA0    0    0000fff2    00000002     
                  0000fff2    00000002     main.obj (.int09)

WDT        0    0000fff4    00000002     
                  0000fff4    00000002     rts430_eabi.lib : int10.obj (.int10)

NMI        0    0000fffc    00000002     
                  0000fffc    00000002     rts430_eabi.lib : int14.obj (.int14)

.reset     0    0000fffe    00000002     
                  0000fffe    00000002     rts430_eabi.lib : boot.obj (.reset)

MODULE SUMMARY

       Module                     code   ro data   rw data
       ------                     ----   -------   -------
    ./
       main.obj                   344    72        25     
    +--+--------------------------+------+---------+---------+
       Total:                     344    72        25     
                                                          
    /Applications/ti/ccsv7/tools/compiler/ti-cgt-msp430_16.9.0.LTS/lib/rts430_eabi.lib
       copy_decompress_lzss.obj   124    0         0      
       autoinit.obj               110    0         0      
       cpy_tbl.obj                90     0         0      
       lsr16.obj                  76     0         0      
       lsl16.obj                  44     0         0      
       boot_special.obj           26     0         0      
       copy_zero_init.obj         20     0         0      
       mult16.obj                 20     0         0      
       copy_decompress_none.obj   18     0         0      
       memcpy.obj                 18     0         0      
       epilog.obj                 16     0         0      
       isr_trap.obj               8      0         0      
       exit.obj                   6      0         0      
       pre_init.obj               4      0         0      
       boot.obj                   0      2         0      
       int02.obj                  0      2         0      
       int03.obj                  0      2         0      
       int04.obj                  0      2         0      
       int05.obj                  0      2         0      
       int08.obj                  0      2         0      
       int10.obj                  0      2         0      
       int14.obj                  0      2         0      
       startup.obj                2      0         0      
    +--+--------------------------+------+---------+---------+
       Total:                     582    16        0      
                                                          
       Stack:                     0      0         50     
       Linker Generated:          0      25        0      
    +--+--------------------------+------+---------+---------+
       Grand Total:               926    113       75     


LINKER GENERATED COPY TABLES

__TI_cinit_table @ 0000fc00 records: 2, size/record: 4, table size: 8
	.data: load addr=0000fbee, load size=00000007 bytes, run addr=00000214, run size=00000005 bytes, compression=lzss
	.bss: load addr=0000fbfc, load size=00000004 bytes, run addr=00000200, run size=00000014 bytes, compression=zero_init


LINKER GENERATED HANDLER TABLE

__TI_handler_table @ 0000fbf6 records: 3, size/record: 2, table size: 6
	index: 0, handler: __TI_zero_init
	index: 1, handler: __TI_decompress_lzss
	index: 2, handler: __TI_decompress_none


GLOBAL SYMBOLS: SORTED ALPHABETICALLY BY Name 

address   name                    
-------   ----                    
0000004a  ADC10AE0                
000001b0  ADC10CTL0               
000001b2  ADC10CTL1               
00000048  ADC10DTC0               
00000049  ADC10DTC1               
000001b4  ADC10MEM                
000001bc  ADC10SA                 
00000057  BCSCTL1                 
00000058  BCSCTL2                 
00000053  BCSCTL3                 
0000fb92  C$$EXIT                 
000010ff  CALBC1_1MHZ             
000010fe  CALDCO_1MHZ             
00000056  DCOCTL                  
00000128  FCTL1                   
0000012a  FCTL2                   
0000012c  FCTL3                   
00000000  IE1                     
00000002  IFG1                    
00000022  P1DIR                   
00000025  P1IE                    
00000024  P1IES                   
00000023  P1IFG                   
00000020  P1IN                    
00000021  P1OUT                   
00000027  P1REN                   
00000026  P1SEL                   
0000002a  P2DIR                   
0000002d  P2IE                    
0000002c  P2IES                   
0000002b  P2IFG                   
00000028  P2IN                    
00000029  P2OUT                   
0000002f  P2REN                   
0000002e  P2SEL                   
00000172  TACCR0                  
00000174  TACCR1                  
00000162  TACCTL0                 
00000164  TACCTL1                 
00000160  TACTL                   
0000012e  TAIV                    
00000170  TAR                     
0000f800  Timer_A                 
0000007a  USICCTL                 
0000007a  USICKCTL                
0000007b  USICNT                  
00000078  USICTL                  
00000078  USICTL0                 
00000079  USICTL1                 
0000007c  USISR                   
0000007d  USISRH                  
0000007c  USISRL                  
00000120  WDTCTL                  
0000027e  __STACK_END             
00000032  __STACK_SIZE            
UNDEFED   __TI_BINIT_Base         
UNDEFED   __TI_BINIT_Limit        
0000fc00  __TI_CINIT_Base         
0000fc08  __TI_CINIT_Limit        
0000fbf6  __TI_Handler_Table_Base 
0000fbfc  __TI_Handler_Table_Limit
UNDEFED   __TI_INITARRAY_Base     
UNDEFED   __TI_INITARRAY_Limit    
0000fb8a  __TI_ISR_TRAP           
0000f8de  __TI_decompress_lzss    
0000fb56  __TI_decompress_none    
0000ffe4  __TI_int02              
0000ffe6  __TI_int03              
0000ffe8  __TI_int04              
0000ffea  __TI_int05              
0000fff0  __TI_int08              
0000fff2  __TI_int09              
0000fff4  __TI_int10              
0000fffc  __TI_int14              
ffffffff  __TI_pprof_out_hndl     
ffffffff  __TI_prof_data_size     
ffffffff  __TI_prof_data_start    
0000fb2e  __TI_zero_init          
ffffffff  __c_args__              
0000fb86  __mspabi_func_epilog_1  
0000fb84  __mspabi_func_epilog_2  
0000fb82  __mspabi_func_epilog_3  
0000fb80  __mspabi_func_epilog_4  
0000fb7e  __mspabi_func_epilog_5  
0000fb7c  __mspabi_func_epilog_6  
0000fb7a  __mspabi_func_epilog_7  
0000fb42  __mspabi_mpyi           
0000fb42  __mspabi_mpyi_sw        
0000fae8  __mspabi_slli           
0000fb10  __mspabi_slli_1         
0000fafe  __mspabi_slli_10        
0000fafc  __mspabi_slli_11        
0000fafa  __mspabi_slli_12        
0000faf8  __mspabi_slli_13        
0000faf6  __mspabi_slli_14        
0000faf4  __mspabi_slli_15        
0000fb0e  __mspabi_slli_2         
0000fb0c  __mspabi_slli_3         
0000fb0a  __mspabi_slli_4         
0000fb08  __mspabi_slli_5         
0000fb06  __mspabi_slli_6         
0000fb04  __mspabi_slli_7         
0000fb02  __mspabi_slli_8         
0000fb00  __mspabi_slli_9         
0000fa9c  __mspabi_srli           
0000fae2  __mspabi_srli_1         
0000fabe  __mspabi_srli_10        
0000faba  __mspabi_srli_11        
0000fab6  __mspabi_srli_12        
0000fab2  __mspabi_srli_13        
0000faae  __mspabi_srli_14        
0000faaa  __mspabi_srli_15        
0000fade  __mspabi_srli_2         
0000fada  __mspabi_srli_3         
0000fad6  __mspabi_srli_4         
0000fad2  __mspabi_srli_5         
0000face  __mspabi_srli_6         
0000faca  __mspabi_srli_7         
0000fac6  __mspabi_srli_8         
0000fac2  __mspabi_srli_9         
0000f9d4  _auto_init              
0000fb14  _c_int00_noargs_noexit  
0000fffe  _reset_vector           
0000024c  _stack                  
0000fb9c  _system_post_cinit      
0000fb98  _system_pre_init        
0000fb92  abort                   
0000fa42  copy_in                 
0000fb9e  digit0                  
0000fba6  digit1                  
0000fbae  digit2                  
0000fbb6  digit3                  
0000fbbe  digit4                  
0000fbc6  digit5                  
0000fbce  digit6                  
0000fbd6  digit7                  
0000fbde  digit8                  
0000fbe6  digit9                  
00000200  digits                  
0000f95a  main                    
0000fb68  memcpy                  
00000217  minutesTensDigitIndex   
00000216  minutesUnitsDigitIndex  
00000215  secondsTensDigitIndex   
00000214  secondsUnitsDigitIndex  
00000218  timeCounter             


GLOBAL SYMBOLS: SORTED BY Symbol Address 

address   name                    
-------   ----                    
00000000  IE1                     
00000002  IFG1                    
00000020  P1IN                    
00000021  P1OUT                   
00000022  P1DIR                   
00000023  P1IFG                   
00000024  P1IES                   
00000025  P1IE                    
00000026  P1SEL                   
00000027  P1REN                   
00000028  P2IN                    
00000029  P2OUT                   
0000002a  P2DIR                   
0000002b  P2IFG                   
0000002c  P2IES                   
0000002d  P2IE                    
0000002e  P2SEL                   
0000002f  P2REN                   
00000032  __STACK_SIZE            
00000048  ADC10DTC0               
00000049  ADC10DTC1               
0000004a  ADC10AE0                
00000053  BCSCTL3                 
00000056  DCOCTL                  
00000057  BCSCTL1                 
00000058  BCSCTL2                 
00000078  USICTL                  
00000078  USICTL0                 
00000079  USICTL1                 
0000007a  USICCTL                 
0000007a  USICKCTL                
0000007b  USICNT                  
0000007c  USISR                   
0000007c  USISRL                  
0000007d  USISRH                  
00000120  WDTCTL                  
00000128  FCTL1                   
0000012a  FCTL2                   
0000012c  FCTL3                   
0000012e  TAIV                    
00000160  TACTL                   
00000162  TACCTL0                 
00000164  TACCTL1                 
00000170  TAR                     
00000172  TACCR0                  
00000174  TACCR1                  
000001b0  ADC10CTL0               
000001b2  ADC10CTL1               
000001b4  ADC10MEM                
000001bc  ADC10SA                 
00000200  digits                  
00000214  secondsUnitsDigitIndex  
00000215  secondsTensDigitIndex   
00000216  minutesUnitsDigitIndex  
00000217  minutesTensDigitIndex   
00000218  timeCounter             
0000024c  _stack                  
0000027e  __STACK_END             
000010fe  CALDCO_1MHZ             
000010ff  CALBC1_1MHZ             
0000f800  Timer_A                 
0000f8de  __TI_decompress_lzss    
0000f95a  main                    
0000f9d4  _auto_init              
0000fa42  copy_in                 
0000fa9c  __mspabi_srli           
0000faaa  __mspabi_srli_15        
0000faae  __mspabi_srli_14        
0000fab2  __mspabi_srli_13        
0000fab6  __mspabi_srli_12        
0000faba  __mspabi_srli_11        
0000fabe  __mspabi_srli_10        
0000fac2  __mspabi_srli_9         
0000fac6  __mspabi_srli_8         
0000faca  __mspabi_srli_7         
0000face  __mspabi_srli_6         
0000fad2  __mspabi_srli_5         
0000fad6  __mspabi_srli_4         
0000fada  __mspabi_srli_3         
0000fade  __mspabi_srli_2         
0000fae2  __mspabi_srli_1         
0000fae8  __mspabi_slli           
0000faf4  __mspabi_slli_15        
0000faf6  __mspabi_slli_14        
0000faf8  __mspabi_slli_13        
0000fafa  __mspabi_slli_12        
0000fafc  __mspabi_slli_11        
0000fafe  __mspabi_slli_10        
0000fb00  __mspabi_slli_9         
0000fb02  __mspabi_slli_8         
0000fb04  __mspabi_slli_7         
0000fb06  __mspabi_slli_6         
0000fb08  __mspabi_slli_5         
0000fb0a  __mspabi_slli_4         
0000fb0c  __mspabi_slli_3         
0000fb0e  __mspabi_slli_2         
0000fb10  __mspabi_slli_1         
0000fb14  _c_int00_noargs_noexit  
0000fb2e  __TI_zero_init          
0000fb42  __mspabi_mpyi           
0000fb42  __mspabi_mpyi_sw        
0000fb56  __TI_decompress_none    
0000fb68  memcpy                  
0000fb7a  __mspabi_func_epilog_7  
0000fb7c  __mspabi_func_epilog_6  
0000fb7e  __mspabi_func_epilog_5  
0000fb80  __mspabi_func_epilog_4  
0000fb82  __mspabi_func_epilog_3  
0000fb84  __mspabi_func_epilog_2  
0000fb86  __mspabi_func_epilog_1  
0000fb8a  __TI_ISR_TRAP           
0000fb92  C$$EXIT                 
0000fb92  abort                   
0000fb98  _system_pre_init        
0000fb9c  _system_post_cinit      
0000fb9e  digit0                  
0000fba6  digit1                  
0000fbae  digit2                  
0000fbb6  digit3                  
0000fbbe  digit4                  
0000fbc6  digit5                  
0000fbce  digit6                  
0000fbd6  digit7                  
0000fbde  digit8                  
0000fbe6  digit9                  
0000fbf6  __TI_Handler_Table_Base 
0000fbfc  __TI_Handler_Table_Limit
0000fc00  __TI_CINIT_Base         
0000fc08  __TI_CINIT_Limit        
0000ffe4  __TI_int02              
0000ffe6  __TI_int03              
0000ffe8  __TI_int04              
0000ffea  __TI_int05              
0000fff0  __TI_int08              
0000fff2  __TI_int09              
0000fff4  __TI_int10              
0000fffc  __TI_int14              
0000fffe  _reset_vector           
ffffffff  __TI_pprof_out_hndl     
ffffffff  __TI_prof_data_size     
ffffffff  __TI_prof_data_start    
ffffffff  __c_args__              
UNDEFED   __TI_BINIT_Base         
UNDEFED   __TI_BINIT_Limit        
UNDEFED   __TI_INITARRAY_Base     
UNDEFED   __TI_INITARRAY_Limit    

[146 symbols]
